// Jest Snapshot v1, https://goo.gl/fbAQLP

exports[`Login login component is render 1`] = `
Object {
  "asFragment": [Function],
  "baseElement": <body>
    <div>
      <div
        class="login-container"
      >
        <h1>
          Log In
        </h1>
        <form
          class="login-container-form"
        >
          <div
            class="login-container-username"
          >
            <label
              for="username"
            >
              Username
            </label>
            <input
              data-testid="username"
              id="username"
              name="username"
              type="text"
              value="sarahedo"
            />
          </div>
          <div
            class="login-container-password"
          >
            <label
              for="password"
            >
              Password
            </label>
            <input
              data-testid="password"
              id="password"
              name="password"
              type="password"
              value="sarahedo123"
            />
          </div>
          <div>
            <button
              class="login-container-btn"
              data-testid="submit"
              type="submit"
            >
              Submit
            </button>
          </div>
        </form>
      </div>
    </div>
  </body>,
  "container": <div>
    <div
      class="login-container"
    >
      <h1>
        Log In
      </h1>
      <form
        class="login-container-form"
      >
        <div
          class="login-container-username"
        >
          <label
            for="username"
          >
            Username
          </label>
          <input
            data-testid="username"
            id="username"
            name="username"
            type="text"
            value="sarahedo"
          />
        </div>
        <div
          class="login-container-password"
        >
          <label
            for="password"
          >
            Password
          </label>
          <input
            data-testid="password"
            id="password"
            name="password"
            type="password"
            value="sarahedo123"
          />
        </div>
        <div>
          <button
            class="login-container-btn"
            data-testid="submit"
            type="submit"
          >
            Submit
          </button>
        </div>
      </form>
    </div>
  </div>,
  "debug": [Function],
  "findAllByAltText": [Function],
  "findAllByDisplayValue": [Function],
  "findAllByLabelText": [Function],
  "findAllByPlaceholderText": [Function],
  "findAllByRole": [Function],
  "findAllByTestId": [Function],
  "findAllByText": [Function],
  "findAllByTitle": [Function],
  "findByAltText": [Function],
  "findByDisplayValue": [Function],
  "findByLabelText": [Function],
  "findByPlaceholderText": [Function],
  "findByRole": [Function],
  "findByTestId": [Function],
  "findByText": [Function],
  "findByTitle": [Function],
  "getAllByAltText": [Function],
  "getAllByDisplayValue": [Function],
  "getAllByLabelText": [Function],
  "getAllByPlaceholderText": [Function],
  "getAllByRole": [Function],
  "getAllByTestId": [Function],
  "getAllByText": [Function],
  "getAllByTitle": [Function],
  "getByAltText": [Function],
  "getByDisplayValue": [Function],
  "getByLabelText": [Function],
  "getByPlaceholderText": [Function],
  "getByRole": [Function],
  "getByTestId": [Function],
  "getByText": [Function],
  "getByTitle": [Function],
  "queryAllByAltText": [Function],
  "queryAllByDisplayValue": [Function],
  "queryAllByLabelText": [Function],
  "queryAllByPlaceholderText": [Function],
  "queryAllByRole": [Function],
  "queryAllByTestId": [Function],
  "queryAllByText": [Function],
  "queryAllByTitle": [Function],
  "queryByAltText": [Function],
  "queryByDisplayValue": [Function],
  "queryByLabelText": [Function],
  "queryByPlaceholderText": [Function],
  "queryByRole": [Function],
  "queryByTestId": [Function],
  "queryByText": [Function],
  "queryByTitle": [Function],
  "rerender": [Function],
  "unmount": [Function],
}
`;
