// Jest Snapshot v1, https://goo.gl/fbAQLP

exports[`NewPoll NewPoll component is render 1`] = `
Object {
  "asFragment": [Function],
  "baseElement": <body>
    <div>
      <div
        class="newpoll-container"
      >
        <h1>
          New Poll
        </h1>
        <h3>
          Create Your Own Poll
        </h3>
        <form
          class="newpoll-form"
        >
          <label>
            First Option
          </label>
          <div
            class="newpoll-form-input"
          >
            <input
              data-testid="firstOption"
              placeholder="First Option"
              required=""
              type="text"
              value=""
            />
          </div>
          <label>
            Second Option
          </label>
          <div
            class="newpoll-form-input"
          >
            <input
              data-testid="secondOption"
              placeholder="Second Option"
              required=""
              type="text"
              value=""
            />
          </div>
          <button
            data-testid="submit"
            type="submit"
          >
            Submit
          </button>
        </form>
      </div>
    </div>
  </body>,
  "container": <div>
    <div
      class="newpoll-container"
    >
      <h1>
        New Poll
      </h1>
      <h3>
        Create Your Own Poll
      </h3>
      <form
        class="newpoll-form"
      >
        <label>
          First Option
        </label>
        <div
          class="newpoll-form-input"
        >
          <input
            data-testid="firstOption"
            placeholder="First Option"
            required=""
            type="text"
            value=""
          />
        </div>
        <label>
          Second Option
        </label>
        <div
          class="newpoll-form-input"
        >
          <input
            data-testid="secondOption"
            placeholder="Second Option"
            required=""
            type="text"
            value=""
          />
        </div>
        <button
          data-testid="submit"
          type="submit"
        >
          Submit
        </button>
      </form>
    </div>
  </div>,
  "debug": [Function],
  "findAllByAltText": [Function],
  "findAllByDisplayValue": [Function],
  "findAllByLabelText": [Function],
  "findAllByPlaceholderText": [Function],
  "findAllByRole": [Function],
  "findAllByTestId": [Function],
  "findAllByText": [Function],
  "findAllByTitle": [Function],
  "findByAltText": [Function],
  "findByDisplayValue": [Function],
  "findByLabelText": [Function],
  "findByPlaceholderText": [Function],
  "findByRole": [Function],
  "findByTestId": [Function],
  "findByText": [Function],
  "findByTitle": [Function],
  "getAllByAltText": [Function],
  "getAllByDisplayValue": [Function],
  "getAllByLabelText": [Function],
  "getAllByPlaceholderText": [Function],
  "getAllByRole": [Function],
  "getAllByTestId": [Function],
  "getAllByText": [Function],
  "getAllByTitle": [Function],
  "getByAltText": [Function],
  "getByDisplayValue": [Function],
  "getByLabelText": [Function],
  "getByPlaceholderText": [Function],
  "getByRole": [Function],
  "getByTestId": [Function],
  "getByText": [Function],
  "getByTitle": [Function],
  "queryAllByAltText": [Function],
  "queryAllByDisplayValue": [Function],
  "queryAllByLabelText": [Function],
  "queryAllByPlaceholderText": [Function],
  "queryAllByRole": [Function],
  "queryAllByTestId": [Function],
  "queryAllByText": [Function],
  "queryAllByTitle": [Function],
  "queryByAltText": [Function],
  "queryByDisplayValue": [Function],
  "queryByLabelText": [Function],
  "queryByPlaceholderText": [Function],
  "queryByRole": [Function],
  "queryByTestId": [Function],
  "queryByText": [Function],
  "queryByTitle": [Function],
  "rerender": [Function],
  "unmount": [Function],
}
`;
